WOLFPSA_1.0 {
    global:
        psa_aead_abort;
        psa_attach_key;
        psa_check_key_usage;
        psa_decapsulate;
        psa_encapsulate;
        psa_export_public_key_iop_abort;
        psa_export_public_key_iop_complete;
        psa_export_public_key_iop_get_num_ops;
        psa_export_public_key_iop_setup;
        psa_generate_key_custom;
        psa_generate_key_iop_abort;
        psa_generate_key_iop_complete;
        psa_generate_key_iop_get_num_ops;
        psa_generate_key_iop_setup;
        psa_hash_resume;
        psa_hash_suspend;
        psa_interruptible_get_max_ops;
        psa_interruptible_set_max_ops;
        psa_key_agreement_iop_abort;
        psa_key_agreement_iop_complete;
        psa_key_agreement_iop_get_num_ops;
        psa_key_agreement_iop_setup;
        psa_key_derivation_output_key_custom;
        psa_sign_hash_abort;
        psa_sign_hash_complete;
        psa_sign_hash_get_num_ops;
        psa_sign_hash_start;
        psa_sign_hash_with_context;
        psa_sign_message_with_context;
        psa_unwrap_key;
        psa_verify_hash_abort;
        psa_verify_hash_complete;
        psa_verify_hash_get_num_ops;
        psa_verify_hash_start;
        psa_verify_hash_with_context;
        psa_verify_message_with_context;
        psa_wrap_key;
        psa_xof_abort;
        psa_xof_output;
        psa_xof_set_context;
        psa_xof_setup;
        psa_xof_update;
        psa_aead_decrypt;
        psa_aead_decrypt_setup;
        psa_aead_encrypt;
        psa_aead_encrypt_setup;
        psa_aead_finish;
        psa_aead_generate_nonce;
        psa_aead_set_lengths;
        psa_aead_set_nonce;
        psa_aead_update;
        psa_aead_update_ad;
        psa_aead_verify;
        psa_asymmetric_decrypt;
        psa_asymmetric_encrypt;
        psa_cipher_abort;
        psa_cipher_decrypt;
        psa_cipher_decrypt_setup;
        psa_cipher_encrypt;
        psa_cipher_encrypt_setup;
        psa_cipher_finish;
        psa_cipher_generate_iv;
        psa_cipher_set_iv;
        psa_cipher_update;
        psa_copy_key;
        psa_crypto_init;
        psa_destroy_key;
        psa_export_key;
        psa_export_public_key;
        psa_generate_key;
        psa_generate_random;
        psa_get_key_attributes;
        psa_hash_abort;
        psa_hash_clone;
        psa_hash_compare;
        psa_hash_compute;
        psa_hash_finish;
        psa_hash_setup;
        psa_hash_update;
        psa_hash_verify;
        psa_import_key;
        psa_initial_attest_get_token;
        psa_initial_attest_get_token_size;
        psa_key_agreement;
        psa_key_derivation_abort;
        psa_key_derivation_get_capacity;
        psa_key_derivation_input_bytes;
        psa_key_derivation_input_integer;
        psa_key_derivation_input_key;
        psa_key_derivation_key_agreement;
        psa_key_derivation_output_bytes;
        psa_key_derivation_output_key;
        psa_key_derivation_set_capacity;
        psa_key_derivation_setup;
        psa_key_derivation_verify_bytes;
        psa_key_derivation_verify_key;
        psa_key_storage_cleanup;
        psa_key_storage_init;
        psa_mac_abort;
        psa_mac_compute;
        psa_mac_sign_finish;
        psa_mac_sign_setup;
        psa_mac_update;
        psa_mac_verify;
        psa_mac_verify_finish;
        psa_mac_verify_setup;
        psa_pake_abort;
        psa_pake_cs_get_algorithm;
        psa_pake_cs_get_key_confirmation;
        psa_pake_cs_get_primitive;
        psa_pake_cs_set_algorithm;
        psa_pake_cs_set_key_confirmation;
        psa_pake_cs_set_primitive;
        psa_pake_get_shared_key;
        psa_pake_input;
        psa_pake_output;
        psa_pake_set_context;
        psa_pake_set_peer;
        psa_pake_set_role;
        psa_pake_set_user;
        psa_pake_setup;
        psa_purge_key;
        psa_raw_key_agreement;
        psa_reset_key_attributes;
        psa_sign_hash;
        psa_sign_message;
        psa_verify_hash;
        psa_verify_message;
        wolfpsa_free_key_data;
        wolfpsa_get_key_data;
        wolfpsa_test_get_next_key_id;
        wolfpsa_test_set_next_key_id;
        wolfPSA_SetDefaultDevID;
        wolfPSA_GetDefaultDevID;
    local:
        *;
};
